
========================================================================
week-01  —  10 takes, 0 FAIL, 6 WARN
========================================================================
  WARN pace-off-house     beat-01                    156 wpm outside house band 135–145
  WARN pace-off-house     beat-02                    155 wpm outside house band 135–145
  WARN pace-off-house     beat-04                    150 wpm outside house band 135–145
  WARN pace-off-house     beat-07                    158 wpm outside house band 135–145
  WARN pace-off-house     beat-09                    156 wpm outside house band 135–145
  WARN pace-off-house     beat-10                    160 wpm outside house band 135–145
  INFO caption-anchor-skipped -                          8 cue(s) under 4 words — too ambiguous to anchor, not checked

========================================================================
week-02  —  10 takes, 0 FAIL, 8 WARN
========================================================================
  WARN pace-off-house     beat-01                    163 wpm outside house band 135–145
  WARN pace-off-house     beat-04                    162 wpm outside house band 135–145
  WARN pace-off-house     beat-05                    160 wpm outside house band 135–145
  WARN pace-off-house     beat-06                    152 wpm outside house band 135–145
  WARN pace-off-house     beat-07                    149 wpm outside house band 135–145
  WARN pace-off-house     beat-08                    152 wpm outside house band 135–145
  WARN pace-off-house     beat-09                    147 wpm outside house band 135–145
  WARN pace-off-house     beat-10                    134 wpm outside house band 135–145
  INFO caption-anchor-skipped -                          6 cue(s) under 4 words — too ambiguous to anchor, not checked

========================================================================
week-03  —  10 takes, 0 FAIL, 8 WARN
========================================================================
  WARN pace-off-house     beat-01                    149 wpm outside house band 135–145
  WARN pace-off-house     beat-02                    148 wpm outside house band 135–145
  WARN pace-off-house     beat-03                    160 wpm outside house band 135–145
  WARN pace-off-house     beat-06                    157 wpm outside house band 135–145
  WARN pace-off-house     beat-07                    147 wpm outside house band 135–145
  WARN pace-off-house     beat-08                    164 wpm outside house band 135–145
  WARN pace-off-house     beat-09                    157 wpm outside house band 135–145
  WARN pace-off-house     beat-10                    146 wpm outside house band 135–145
  INFO caption-anchor-skipped -                          4 cue(s) under 4 words — too ambiguous to anchor, not checked

========================================================================
week-04  —  10 takes, 0 FAIL, 7 WARN
========================================================================
  WARN pace-off-house     beat-01                    161 wpm outside house band 135–145
  WARN pace-off-house     beat-02                    164 wpm outside house band 135–145
  WARN pace-off-house     beat-03                    150 wpm outside house band 135–145
  WARN pace-off-house     beat-06                    151 wpm outside house band 135–145
  WARN pace-off-house     beat-07                    148 wpm outside house band 135–145
  WARN pace-off-house     beat-08                    154 wpm outside house band 135–145
  WARN pace-off-house     beat-09                    149 wpm outside house band 135–145
  INFO caption-anchor-skipped -                          18 cue(s) under 4 words — too ambiguous to anchor, not checked

========================================================================
week-05  —  10 takes, 0 FAIL, 8 WARN
========================================================================
  WARN pace-off-house     beat-01                    156 wpm outside house band 135–145
  WARN pace-off-house     beat-02                    154 wpm outside house band 135–145
  WARN pace-off-house     beat-03                    151 wpm outside house band 135–145
  WARN pace-off-house     beat-05                    132 wpm outside house band 135–145
  WARN pace-off-house     beat-06                    162 wpm outside house band 135–145
  WARN pace-off-house     beat-07                    160 wpm outside house band 135–145
  WARN pace-off-house     beat-09                    146 wpm outside house band 135–145
  WARN pace-off-house     beat-10                    148 wpm outside house band 135–145
  INFO caption-anchor-skipped -                          25 cue(s) under 4 words — too ambiguous to anchor, not checked

========================================================================
week-06  —  10 takes, 0 FAIL, 8 WARN
========================================================================
  WARN pace-off-house     beat-01                    160 wpm outside house band 135–145
  WARN pace-off-house     beat-02                    151 wpm outside house band 135–145
  WARN pace-off-house     beat-03                    154 wpm outside house band 135–145
  WARN pace-off-house     beat-05                    147 wpm outside house band 135–145
  WARN pace-off-house     beat-07                    148 wpm outside house band 135–145
  WARN pace-off-house     beat-08                    164 wpm outside house band 135–145
  WARN pace-off-house     beat-09                    146 wpm outside house band 135–145
  WARN pace-off-house     beat-10                    151 wpm outside house band 135–145
  INFO caption-anchor-skipped -                          16 cue(s) under 4 words — too ambiguous to anchor, not checked

0 FAIL · 45 WARN across 6 project(s)

json → docs/digital-literacy-2/av-sync-report.json
